<?xml version="1.0" encoding="utf-8"?><testsuites><testsuite name="pytest" errors="0" failures="0" skipped="5" tests="240" time="59.201" timestamp="2025-03-17T02:16:54.375677+01:00" hostname="MacBook-Pro-von-Martin.local"><testcase classname="tests.api.test_api" name="test_api_placeholder" time="0.001" /><testcase classname="tests.core.test_core" name="test_main_output" time="0.016" /><testcase classname="tests.document_processing.loaders.test_xml_loader.TestXMLLoader" name="test_file_not_found" time="0.001" /><testcase classname="tests.document_processing.loaders.test_xml_loader.TestXMLLoader" name="test_include_tags_in_text" time="0.001" /><testcase classname="tests.document_processing.loaders.test_xml_loader.TestXMLLoader" name="test_init" time="0.001" /><testcase classname="tests.document_processing.loaders.test_xml_loader.TestXMLLoader" name="test_load_basic" time="0.001" /><testcase classname="tests.document_processing.loaders.test_xml_loader.TestXMLLoader" name="test_load_from_file" time="0.001" /><testcase classname="tests.document_processing.loaders.test_xml_loader.TestXMLLoader" name="test_load_with_content_tags" time="0.001" /><testcase classname="tests.document_processing.loaders.test_xml_loader.TestXMLLoader" name="test_load_with_metadata_tags" time="0.001" /><testcase classname="tests.document_processing.loaders.test_xml_loader.TestXMLLoader" name="test_split_by_tag" time="0.001" /><testcase classname="tests.document_processing.loaders.test_xml_loader.TestXMLLoader" name="test_text_tag" time="0.001" /><testcase classname="tests.document_processing.loaders.test_xml_loader.TestXMLLoader" name="test_xml_not_available" time="0.001" /><testcase classname="tests.evaluation.test_rag_evaluation.TestRAGEvaluation" name="test_answer_factuality" time="0.002" /><testcase classname="tests.evaluation.test_rag_evaluation.TestRAGEvaluation" name="test_answer_relevance" time="0.001" /><testcase classname="tests.evaluation.test_rag_evaluation.TestRAGEvaluation" name="test_end_to_end_evaluation" time="0.002" /><testcase classname="tests.evaluation.test_rag_evaluation.TestRAGEvaluation" name="test_retrieval_precision" time="0.001" /><testcase classname="tests.evaluation.test_rag_evaluation.TestRAGEvaluation" name="test_retrieval_recall" time="0.001" /><testcase classname="tests.integration.test_rag_query" name="test_single_query" time="4.914" /><testcase classname="tests.integration.test_retrieval" name="test_retrieval" time="2.369" /><testcase classname="tests.integration.test_vectorstore.TestChromaVectorStore" name="test_add_documents" time="2.258" /><testcase classname="tests.integration.test_vectorstore.TestChromaVectorStore" name="test_persist_and_load" time="2.311" /><testcase classname="tests.integration.test_vectorstore.TestChromaVectorStore" name="test_similarity_search" time="2.143" /><testcase classname="tests.integration.vectorstore.test_chroma" name="test_add_and_search_documents" time="2.222" /><testcase classname="tests.integration.vectorstore.test_chroma" name="test_delete_collection" time="6.638" /><testcase classname="tests.integration.vectorstore.test_chroma" name="test_empty_search" time="2.055" /><testcase classname="tests.integration.vectorstore.test_chroma" name="test_search_with_filters" time="2.377" /><testcase classname="tests.integration.vectorstore.test_chroma" name="test_custom_embedding_function" time="7.243" /><testcase classname="tests.integration.vectorstore.test_chroma" name="test_search_with_document_filter" time="2.273" /><testcase classname="tests.integration.vectorstore.test_chroma" name="test_add_documents_with_custom_ids" time="2.589" /><testcase classname="tests.integration.vectorstore.test_chroma" name="test_collection_persistence" time="4.398" /><testcase classname="tests.test_chunking" name="test_character_chunker_basic" time="0.001" /><testcase classname="tests.test_chunking" name="test_recursive_chunker_basic" time="0.000" /><testcase classname="tests.test_chunking" name="test_split_documents" time="0.000" /><testcase classname="tests.test_chunking" name="test_chunker_validation" time="0.000" /><testcase classname="tests.test_embeddings" name="test_embed_query" time="4.587" /><testcase classname="tests.test_embeddings" name="test_embed_documents" time="2.235" /><testcase classname="tests.test_embeddings" name="test_get_embedding_dimension" time="2.156" /><testcase classname="tests.test_rag_evaluation" name="test_rag_response_quality[0]" time="0.001" /><testcase classname="tests.test_rag_evaluation" name="test_rag_response_quality[1]" time="0.001" /><testcase classname="tests.test_rag_evaluation" name="test_rag_response_quality[2]" time="0.009" /><testcase classname="tests.test_rag_evaluation" name="test_rag_response_uncertainty_handling" time="0.001" /><testcase classname="tests.test_rag_evaluation" name="test_rag_response_consistency" time="0.001" /><testcase classname="tests.unit.api.test_endpoints" name="test_query_endpoint" time="0.011" /><testcase classname="tests.unit.core.test_constants.TestConstants" name="test_model_configs" time="0.001" /><testcase classname="tests.unit.core.test_constants.TestConstants" name="test_model_parameters" time="0.000" /><testcase classname="tests.unit.core.test_constants.TestConstants" name="test_rag_parameters" time="0.000" /><testcase classname="tests.unit.core.test_constants.TestConstants" name="test_system_parameters" time="0.000" /><testcase classname="tests.unit.core.test_constants.TestConstants" name="test_vector_store_parameters" time="0.000" /><testcase classname="tests.unit.core.test_document_loaders.TestDocumentLoader" name="test_abstract_class" time="0.000" /><testcase classname="tests.unit.core.test_document_loaders.TestTextFileLoader" name="test_init_with_nonexistent_file" time="0.001" /><testcase classname="tests.unit.core.test_document_loaders.TestTextFileLoader" name="test_init_with_path_object" time="0.001" /><testcase classname="tests.unit.core.test_document_loaders.TestTextFileLoader" name="test_init_with_string_path" time="0.001" /><testcase classname="tests.unit.core.test_document_loaders.TestTextFileLoader" name="test_load" time="0.001" /><testcase classname="tests.unit.core.test_document_loaders.TestCSVLoader" name="test_init_with_nonexistent_file" time="0.003" /><testcase classname="tests.unit.core.test_document_loaders.TestCSVLoader" name="test_load_all_columns_as_content" time="0.002" /><testcase classname="tests.unit.core.test_document_loaders.TestCSVLoader" name="test_load_with_metadata_columns" time="0.003" /><testcase classname="tests.unit.core.test_document_loaders.TestCSVLoader" name="test_load_with_missing_values" time="0.002" /><testcase classname="tests.unit.core.test_document_loaders.TestCSVLoader" name="test_load_with_specific_content_columns" time="0.002" /><testcase classname="tests.unit.core.test_document_loaders.TestDirectoryLoader" name="test_error_handling" time="0.003" /><testcase classname="tests.unit.core.test_document_loaders.TestDirectoryLoader" name="test_init_with_file_path" time="0.002" /><testcase classname="tests.unit.core.test_document_loaders.TestDirectoryLoader" name="test_init_with_nonexistent_directory" time="0.001" /><testcase classname="tests.unit.core.test_document_loaders.TestDirectoryLoader" name="test_load_non_recursive" time="0.002" /><testcase classname="tests.unit.core.test_document_loaders.TestDirectoryLoader" name="test_load_recursive" time="0.002" /><testcase classname="tests.unit.core.test_document_loaders.TestDirectoryLoader" name="test_load_with_glob_pattern" time="0.002" /><testcase classname="tests.unit.core.test_main" name="test_main_output" time="0.887" /><testcase classname="tests.unit.core.test_rag_pipeline.TestRAGPipeline" name="test_format_context" time="0.001" /><testcase classname="tests.unit.core.test_rag_pipeline.TestRAGPipeline" name="test_format_context_empty_content" time="0.001" /><testcase classname="tests.unit.core.test_rag_pipeline.TestRAGPipeline" name="test_generate" time="0.001" /><testcase classname="tests.unit.core.test_rag_pipeline.TestRAGPipeline" name="test_init_default_prompt" time="0.001" /><testcase classname="tests.unit.core.test_rag_pipeline.TestRAGPipeline" name="test_init_prompt_template" time="0.001" /><testcase classname="tests.unit.core.test_rag_pipeline.TestRAGPipeline" name="test_init_string_prompt" time="0.001" /><testcase classname="tests.unit.core.test_rag_pipeline.TestRAGPipeline" name="test_query" time="0.001" /><testcase classname="tests.unit.core.test_rag_pipeline.TestRAGPipeline" name="test_retrieve" time="0.001" /><testcase classname="tests.unit.core.test_rag_pipeline.TestConversationalRAGPipeline" name="test_format_history_empty" time="0.001" /><testcase classname="tests.unit.core.test_rag_pipeline.TestConversationalRAGPipeline" name="test_format_history_with_content" time="0.001" /><testcase classname="tests.unit.core.test_rag_pipeline.TestConversationalRAGPipeline" name="test_generate_with_history" time="0.001" /><testcase classname="tests.unit.core.test_rag_pipeline.TestConversationalRAGPipeline" name="test_history_truncation" time="0.001" /><testcase classname="tests.unit.core.test_rag_pipeline.TestConversationalRAGPipeline" name="test_init_default_prompt" time="0.001" /><testcase classname="tests.unit.core.test_rag_pipeline.TestConversationalRAGPipeline" name="test_query" time="0.001" /><testcase classname="tests.unit.core.test_rag_pipeline.TestConversationalRAGPipeline" name="test_reset_history" time="0.001" /><testcase classname="tests.unit.document_processing.test_chunking.TestCharacterTextChunker" name="test_initialization" time="0.000" /><testcase classname="tests.unit.document_processing.test_chunking.TestCharacterTextChunker" name="test_initialization_validation" time="0.000" /><testcase classname="tests.unit.document_processing.test_chunking.TestCharacterTextChunker" name="test_split_documents" time="0.000" /><testcase classname="tests.unit.document_processing.test_chunking.TestCharacterTextChunker" name="test_split_text_normal" time="0.000" /><testcase classname="tests.unit.document_processing.test_chunking.TestCharacterTextChunker" name="test_split_text_short" time="0.000" /><testcase classname="tests.unit.document_processing.test_chunking.TestRecursiveTextChunker" name="test_initialization" time="0.000" /><testcase classname="tests.unit.document_processing.test_chunking.TestRecursiveTextChunker" name="test_initialization_validation" time="0.000" /><testcase classname="tests.unit.document_processing.test_chunking.TestRecursiveTextChunker" name="test_split_documents" time="0.000" /><testcase classname="tests.unit.document_processing.test_chunking.TestRecursiveTextChunker" name="test_split_text_normal" time="0.001" /><testcase classname="tests.unit.document_processing.test_chunking.TestRecursiveTextChunker" name="test_split_text_specific_test_case" time="0.001" /><testcase classname="tests.unit.document_processing.test_chunking_mock.TestCharacterTextChunkerMock" name="test_initialization" time="0.000" /><testcase classname="tests.unit.document_processing.test_chunking_mock.TestCharacterTextChunkerMock" name="test_initialization_validation" time="0.000" /><testcase classname="tests.unit.document_processing.test_chunking_mock.TestCharacterTextChunkerMock" name="test_split_documents" time="0.000" /><testcase classname="tests.unit.document_processing.test_chunking_mock.TestCharacterTextChunkerMock" name="test_split_text" time="0.001" /><testcase classname="tests.unit.document_processing.test_chunking_mock.TestRecursiveTextChunkerMock" name="test_initialization" time="0.000" /><testcase classname="tests.unit.document_processing.test_chunking_mock.TestRecursiveTextChunkerMock" name="test_initialization_validation" time="0.000" /><testcase classname="tests.unit.document_processing.test_chunking_mock.TestRecursiveTextChunkerMock" name="test_split_documents" time="0.000" /><testcase classname="tests.unit.document_processing.test_chunking_mock.TestRecursiveTextChunkerMock" name="test_split_text_normal" time="0.000" /><testcase classname="tests.unit.document_processing.test_chunking_mock.TestRecursiveTextChunkerMock" name="test_split_text_specific_test_case" time="0.000" /><testcase classname="tests.unit.document_processing.test_chunking_simple.TestChunkersValidation" name="test_character_chunker_validation" time="0.000" /><testcase classname="tests.unit.document_processing.test_chunking_simple.TestChunkersValidation" name="test_recursive_chunker_validation" time="0.000" /><testcase classname="tests.unit.document_processing.test_directory_loader.TestDirectoryLoader" name="test_initialization" time="0.000" /><testcase classname="tests.unit.document_processing.test_directory_loader.TestDirectoryLoader" name="test_load_method_calls_load_from_directory" time="0.001" /><testcase classname="tests.unit.document_processing.test_directory_loader.TestDirectoryLoader" name="test_load_directory_not_found" time="0.001" /><testcase classname="tests.unit.document_processing.test_directory_loader.TestDirectoryLoader" name="test_load_from_directory_directory_not_found" time="0.001" /><testcase classname="tests.unit.document_processing.test_directory_loader.TestDirectoryLoader" name="test_load_from_directory_with_files" time="0.001" /><testcase classname="tests.unit.document_processing.test_directory_loader.TestDirectoryLoader" name="test_load_from_directory_with_exclude_patterns" time="0.001" /><testcase classname="tests.unit.document_processing.test_directory_loader.TestDirectoryLoader" name="test_load_from_directory_with_error" time="0.001" /><testcase classname="tests.unit.document_processing.test_enhanced_pdf_loader.TestEnhancedPDFLoader" name="test_initialization" time="0.002" /><testcase classname="tests.unit.document_processing.test_enhanced_pdf_loader.TestEnhancedPDFLoader" name="test_initialization_default_values" time="0.000" /><testcase classname="tests.unit.document_processing.test_enhanced_pdf_loader.TestEnhancedPDFLoader" name="test_initialization_inheritance" time="0.001" /><testcase classname="tests.unit.document_processing.test_enhanced_pdf_loader.TestEnhancedPDFLoader" name="test_load_calls_load_with_pymupdf" time="0.001" /><testcase classname="tests.unit.document_processing.test_enhanced_pdf_loader.TestEnhancedPDFLoader" name="test_load_vs_parent_load" time="0.001" /><testcase classname="tests.unit.document_processing.test_enhanced_pdf_loader.TestEnhancedPDFLoaderWithRealFiles" name="test_real_pdf_enhanced_extraction" time="0.000"><skipped type="pytest.skip" message="Test PDF file not found">/Users/martin/Documents/Programming/Python/LLM_Rag/LLM_Rag/tests/unit/document_processing/test_enhanced_pdf_loader.py:133: Test PDF file not found</skipped></testcase><testcase classname="tests.unit.document_processing.test_json_loader.TestJSONLoader" name="test_initialization" time="0.001" /><testcase classname="tests.unit.document_processing.test_json_loader.TestJSONLoader" name="test_load_from_file_not_found" time="0.001" /><testcase classname="tests.unit.document_processing.test_json_loader.TestJSONLoader" name="test_load_invalid_json_lines" time="0.001" /><testcase classname="tests.unit.document_processing.test_json_loader.TestJSONLoader" name="test_load_json_lines" time="0.001" /><testcase classname="tests.unit.document_processing.test_json_loader.TestJSONLoader" name="test_load_regular_json" time="0.001" /><testcase classname="tests.unit.document_processing.test_json_loader.TestJSONLoader" name="test_load_with_content_key" time="0.001" /><testcase classname="tests.unit.document_processing.test_json_loader.TestJSONLoader" name="test_load_with_metadata_keys" time="0.001" /><testcase classname="tests.unit.document_processing.test_json_loader.TestJSONLoader" name="test_load_without_file_path" time="0.001" /><testcase classname="tests.unit.document_processing.test_json_loader.TestJSONLoader" name="test_with_jq_filter" time="0.000"><skipped type="pytest.skip" message="jq library not available">/Users/martin/Documents/Programming/Python/LLM_Rag/LLM_Rag/tests/unit/document_processing/test_json_loader.py:146: jq library not available</skipped></testcase><testcase classname="tests.unit.document_processing.test_loaders.TestTextFileLoader" name="test_initialization" time="0.000" /><testcase classname="tests.unit.document_processing.test_loaders.TestTextFileLoader" name="test_load_valid_text_file" time="0.001" /><testcase classname="tests.unit.document_processing.test_loaders.TestTextFileLoader" name="test_load_file_not_found" time="0.001" /><testcase classname="tests.unit.document_processing.test_loaders.TestPDFLoader" name="test_initialization" time="0.000" /><testcase classname="tests.unit.document_processing.test_loaders.TestPDFLoader" name="test_load_valid_pdf" time="0.001" /><testcase classname="tests.unit.document_processing.test_loaders.TestPDFLoader" name="test_load_invalid_pdf" time="0.001" /><testcase classname="tests.unit.document_processing.test_loaders.TestCSVLoader" name="test_initialization" time="0.000" /><testcase classname="tests.unit.document_processing.test_loaders.TestCSVLoader" name="test_load_valid_csv" time="0.002" /><testcase classname="tests.unit.document_processing.test_loaders.TestCSVLoader" name="test_load_with_custom_delimiter" time="0.002" /><testcase classname="tests.unit.document_processing.test_loaders.TestJSONLoader" name="test_initialization" time="0.000" /><testcase classname="tests.unit.document_processing.test_loaders.TestJSONLoader" name="test_load_valid_json" time="0.001" /><testcase classname="tests.unit.document_processing.test_loaders.TestWebPageLoader" name="test_initialization" time="0.000" /><testcase classname="tests.unit.document_processing.test_loaders.TestWebPageLoader" name="test_load_valid_webpage" time="0.001" /><testcase classname="tests.unit.document_processing.test_loaders.TestDirectoryLoader" name="test_initialization" time="0.000" /><testcase classname="tests.unit.document_processing.test_loaders.TestDirectoryLoader" name="test_load_directory" time="0.001" /><testcase classname="tests.unit.document_processing.test_loaders.TestDirectoryLoader" name="test_load_invalid_directory" time="0.000" /><testcase classname="tests.unit.document_processing.test_new_loaders.TestLoaderRegistry" name="test_registry_initialization" time="0.000" /><testcase classname="tests.unit.document_processing.test_new_loaders.TestLoaderRegistry" name="test_register_loader" time="0.000" /><testcase classname="tests.unit.document_processing.test_new_loaders.TestLoaderRegistry" name="test_get_loader_class" time="0.000" /><testcase classname="tests.unit.document_processing.test_new_loaders.TestLoaderRegistry" name="test_create_loader" time="0.000" /><testcase classname="tests.unit.document_processing.test_new_loaders.TestLoaderRegistry" name="test_get_loader_for_extension" time="0.000" /><testcase classname="tests.unit.document_processing.test_new_loaders.TestLoaderRegistry" name="test_create_loader_for_file" time="0.000" /><testcase classname="tests.unit.document_processing.test_new_loaders.TestFactoryFunctions" name="test_load_document" time="0.001" /><testcase classname="tests.unit.document_processing.test_new_loaders.TestFactoryFunctions" name="test_load_document_file_not_found" time="0.000" /><testcase classname="tests.unit.document_processing.test_new_loaders.TestFactoryFunctions" name="test_load_document_no_loader" time="0.001" /><testcase classname="tests.unit.document_processing.test_new_loaders.TestFactoryFunctions" name="test_load_documents_from_directory" time="0.001" /><testcase classname="tests.unit.document_processing.test_new_loaders.TestFactoryFunctions" name="test_load_documents_from_directory_not_found" time="0.000" /><testcase classname="tests.unit.document_processing.test_new_loaders.TestTextFileLoader" name="test_initialization" time="0.000" /><testcase classname="tests.unit.document_processing.test_new_loaders.TestTextFileLoader" name="test_load" time="0.000" /><testcase classname="tests.unit.document_processing.test_new_loaders.TestTextFileLoader" name="test_load_no_file_path" time="0.000" /><testcase classname="tests.unit.document_processing.test_new_loaders.TestTextFileLoader" name="test_load_from_file" time="0.002" /><testcase classname="tests.unit.document_processing.test_new_loaders.TestCSVLoader" name="test_initialization" time="0.000" /><testcase classname="tests.unit.document_processing.test_new_loaders.TestCSVLoader" name="test_load" time="0.000" /><testcase classname="tests.unit.document_processing.test_new_loaders.TestCSVLoader" name="test_load_from_file_csv_module" time="0.001" /><testcase classname="tests.unit.document_processing.test_pdf_extraction.TestPDFExtraction" name="test_extract_images_with_fitz" time="0.004" /><testcase classname="tests.unit.document_processing.test_pdf_extraction.TestPDFExtraction" name="test_extract_images_with_pdf2image" time="0.001" /><testcase classname="tests.unit.document_processing.test_pdf_extraction.TestPDFExtraction" name="test_extract_tables" time="0.001" /><testcase classname="tests.unit.document_processing.test_pdf_extraction.TestPDFExtraction" name="test_extract_tables_exception" time="0.001" /><testcase classname="tests.unit.document_processing.test_pdf_extraction.TestPDFExtraction" name="test_extract_tables_from_page" time="0.001" /><testcase classname="tests.unit.document_processing.test_pdf_extraction.TestPDFExtraction" name="test_load_with_extractions" time="0.002" /><testcase classname="tests.unit.document_processing.test_pdf_extraction.TestPDFExtractionWithRealFiles" name="test_real_pdf_extraction" time="0.000"><skipped type="pytest.skip" message="Test PDF file not found">/Users/martin/Documents/Programming/Python/LLM_Rag/LLM_Rag/tests/unit/document_processing/test_pdf_extraction.py:359: Test PDF file not found</skipped></testcase><testcase classname="tests.unit.document_processing.test_processors.TestTextSplitter" name="test_initialization" time="0.000" /><testcase classname="tests.unit.document_processing.test_processors.TestTextSplitter" name="test_split_documents" time="0.006" /><testcase classname="tests.unit.document_processing.test_processors.TestTextSplitter" name="test_split_text" time="0.000" /><testcase classname="tests.unit.document_processing.test_processors.TestDocumentProcessor" name="test_initialization" time="0.000" /><testcase classname="tests.unit.document_processing.test_processors.TestDocumentProcessor" name="test_process_empty_documents" time="0.000" /><testcase classname="tests.unit.document_processing.test_processors.TestDocumentProcessor" name="test_process_mixed_documents" time="0.000" /><testcase classname="tests.unit.document_processing.test_processors.TestDocumentProcessor" name="test_process_valid_documents" time="0.000" /><testcase classname="tests.unit.document_processing.test_webpage_loader.TestWebPageLoader" name="test_error_handling_connection_error" time="0.001" /><testcase classname="tests.unit.document_processing.test_webpage_loader.TestWebPageLoader" name="test_error_handling_invalid_response" time="0.001" /><testcase classname="tests.unit.document_processing.test_webpage_loader.TestWebPageLoader" name="test_initialization" time="0.000" /><testcase classname="tests.unit.document_processing.test_webpage_loader.TestWebPageLoader" name="test_initialization_default_values" time="0.000" /><testcase classname="tests.unit.document_processing.test_webpage_loader.TestWebPageLoader" name="test_load_html_with_bs4" time="0.002" /><testcase classname="tests.unit.document_processing.test_webpage_loader.TestWebPageLoader" name="test_load_html_without_bs4" time="0.001" /><testcase classname="tests.unit.document_processing.test_webpage_loader.TestWebPageLoader" name="test_load_plain_text" time="0.001" /><testcase classname="tests.unit.document_processing.test_webpage_loader.TestWebPageLoader" name="test_non_200_status_code" time="0.001" /><testcase classname="tests.unit.document_processing.test_webpage_loader.TestWebPageLoader" name="test_request_exception" time="0.000" /><testcase classname="tests.unit.document_processing.test_webpage_loader.TestWebPageLoader" name="test_request_with_custom_headers" time="0.001" /><testcase classname="tests.unit.evaluation.test_evaluator.TestEvaluateRAG" name="test_evaluate_rag_with_dict_data" time="0.001" /><testcase classname="tests.unit.evaluation.test_evaluator.TestEvaluateRAG" name="test_evaluate_rag_with_file_path" time="0.002" /><testcase classname="tests.unit.evaluation.test_metrics.TestCalculateRelevance" name="test_relevance_with_matching_terms" time="0.000" /><testcase classname="tests.unit.evaluation.test_metrics.TestCalculateRelevance" name="test_relevance_with_no_overlap" time="0.000" /><testcase classname="tests.unit.evaluation.test_metrics.TestCalculateRelevance" name="test_relevance_with_empty_answer" time="0.000" /><testcase classname="tests.unit.evaluation.test_metrics.TestCalculateRelevance" name="test_relevance_with_empty_query" time="0.000" /><testcase classname="tests.unit.evaluation.test_metrics.TestCalculateRelevance" name="test_relevance_with_model" time="0.000" /><testcase classname="tests.unit.evaluation.test_metrics.TestCalculateRelevance" name="test_relevance_with_context" time="0.000" /><testcase classname="tests.unit.evaluation.test_metrics.TestCalculateFactuality" name="test_factuality_with_reference" time="0.000" /><testcase classname="tests.unit.evaluation.test_metrics.TestCalculateFactuality" name="test_factuality_with_context" time="0.000" /><testcase classname="tests.unit.evaluation.test_metrics.TestCalculateFactuality" name="test_factuality_with_no_reference_or_context" time="0.000" /><testcase classname="tests.unit.evaluation.test_metrics.TestCalculateFactuality" name="test_factuality_with_empty_answer" time="0.000" /><testcase classname="tests.unit.evaluation.test_metrics.TestCalculateFactuality" name="test_factuality_with_empty_reference" time="0.000" /><testcase classname="tests.unit.evaluation.test_metrics.TestCalculateFactuality" name="test_factuality_with_empty_context" time="0.000" /><testcase classname="tests.unit.evaluation.test_metrics.TestCalculateFactuality" name="test_factuality_with_model" time="0.001" /><testcase classname="tests.unit.models.test_factory.TestModelBackend" name="test_model_backend_values" time="0.000" /><testcase classname="tests.unit.models.test_factory.TestModelFactory" name="test_create_llama_cpp_model_file_not_found" time="0.001" /><testcase classname="tests.unit.models.test_factory.TestModelFactory" name="test_create_model_huggingface" time="0.001"><skipped type="pytest.skip" message="Skipping Hugging Face test in CI environment">/Users/martin/Documents/Programming/Python/LLM_Rag/LLM_Rag/tests/unit/models/test_factory.py:68: Skipping Hugging Face test in CI environment</skipped></testcase><testcase classname="tests.unit.models.test_factory.TestModelFactory" name="test_create_model_invalid_backend" time="0.001" /><testcase classname="tests.unit.models.test_factory.TestModelFactory" name="test_create_model_llama_cpp" time="0.001" /><testcase classname="tests.unit.models.test_factory.TestModelFactory" name="test_create_model_with_string_backend" time="0.001" /><testcase classname="tests.unit.models.test_huggingface.TestHuggingFaceLLM" name="test_call_method" time="0.021" /><testcase classname="tests.unit.models.test_huggingface.TestHuggingFaceLLM" name="test_format_prompt" time="0.001" /><testcase classname="tests.unit.models.test_huggingface.TestHuggingFaceLLM" name="test_initialization" time="0.001" /><testcase classname="tests.unit.models.test_huggingface.TestHuggingFaceLLM" name="test_llama_model_initialization" time="0.002" /><testcase classname="tests.unit.models.test_huggingface.TestHuggingFaceLLM" name="test_stop_sequences" time="0.002" /><testcase classname="tests.unit.test_chunking.TestRecursiveTextChunker" name="test_split_text" time="0.001" /><testcase classname="tests.unit.test_chunking.TestRecursiveTextChunker" name="test_chunk_overlap" time="0.000" /><testcase classname="tests.unit.test_chunking.TestCharacterTextChunker" name="test_split_text" time="0.000" /><testcase classname="tests.unit.test_chunking.TestCharacterTextChunker" name="test_empty_text" time="0.000" /><testcase classname="tests.unit.test_chunking.TestSentenceSplitting" name="test_split_by_sentence" time="0.000" /><testcase classname="tests.unit.vectorstore.test_embeddings" name="test_embedding_function_wrapper" time="2.191" /><testcase classname="tests.unit.vectorstore.test_embeddings" name="test_embedding_function_custom_model" time="2.094" /><testcase classname="tests.unit.vectorstore.test_multimodal.TestMultiModalEmbeddingFunction" name="test_call_method" time="0.001" /><testcase classname="tests.unit.vectorstore.test_multimodal.TestMultiModalEmbeddingFunction" name="test_embed_image" time="0.000" /><testcase classname="tests.unit.vectorstore.test_multimodal.TestMultiModalEmbeddingFunction" name="test_embed_table" time="0.000" /><testcase classname="tests.unit.vectorstore.test_multimodal.TestMultiModalEmbeddingFunction" name="test_embed_text" time="0.000" /><testcase classname="tests.unit.vectorstore.test_multimodal.TestMultiModalEmbeddingFunction" name="test_initialization" time="0.000" /><testcase classname="tests.unit.vectorstore.test_multimodal.TestMultiModalVectorStore" name="test_add_documents" time="0.001" /><testcase classname="tests.unit.vectorstore.test_multimodal.TestMultiModalVectorStore" name="test_as_retriever" time="0.001" /><testcase classname="tests.unit.vectorstore.test_multimodal.TestMultiModalVectorStore" name="test_initialization" time="0.000" /><testcase classname="tests.unit.vectorstore.test_multimodal.TestMultiModalVectorStore" name="test_multimodal_search" time="0.001" /><testcase classname="tests.unit.vectorstore.test_multimodal.TestMultiModalVectorStore" name="test_search_by_content_type" time="0.001" /><testcase classname="tests.unit.vectorstore.test_multimodal.TestMultiModalRetriever" name="test_get_multimodal_documents" time="0.001" /><testcase classname="tests.unit.vectorstore.test_multimodal.TestMultiModalRetriever" name="test_get_relevant_documents" time="0.007" /><testcase classname="tests.unit.vectorstore.test_multimodal.TestMultiModalRetriever" name="test_initialization" time="0.000" /><testcase classname="tests.unit.vectorstore.test_multimodal" name="test_pdf_extraction_with_real_files" time="0.000"><skipped type="pytest.skip" message="This test requires real PDF files which are not available in CI">/Users/martin/Documents/Programming/Python/LLM_Rag/LLM_Rag/tests/unit/vectorstore/test_multimodal.py:360: This test requires real PDF files which are not available in CI</skipped></testcase><testcase classname="tests.unit.vectorstore.test_sharded.TestShardedChromaVectorStore" name="test_add_documents_exceeding_capacity" time="0.001" /><testcase classname="tests.unit.vectorstore.test_sharded.TestShardedChromaVectorStore" name="test_add_documents_with_dict_format" time="0.001" /><testcase classname="tests.unit.vectorstore.test_sharded.TestShardedChromaVectorStore" name="test_add_documents_within_capacity" time="0.001" /><testcase classname="tests.unit.vectorstore.test_sharded.TestShardedChromaVectorStore" name="test_as_retriever" time="0.001" /><testcase classname="tests.unit.vectorstore.test_sharded.TestShardedChromaVectorStore" name="test_count_aggregates_from_shards" time="0.001" /><testcase classname="tests.unit.vectorstore.test_sharded.TestShardedChromaVectorStore" name="test_create_new_shard" time="0.001" /><testcase classname="tests.unit.vectorstore.test_sharded.TestShardedChromaVectorStore" name="test_delete_collection" time="0.001" /><testcase classname="tests.unit.vectorstore.test_sharded.TestShardedChromaVectorStore" name="test_initialization" time="0.001" /><testcase classname="tests.unit.vectorstore.test_sharded.TestShardedChromaVectorStore" name="test_search_aggregates_results" time="0.001" /><testcase classname="tests.unit.vectorstore.test_sharded.TestShardedChromaVectorStore" name="test_search_limits_results" time="0.001" /><testcase classname="tests.unit.vectorstore.test_vectorstore" name="test_vector_store_interface" time="0.000" /><testcase classname="tests.vectorstore.test_vectorstore" name="test_vectorstore_placeholder" time="0.000" /></testsuite></testsuites>
